iOS design boundary violations:
ios/App/Settings/Components/DesignIdentityControls.swift:85: page-local visual literal outside the Design foundation
ios/App/Settings/Components/DesignIdentityControls.swift:93: page-local visual literal outside the Design foundation
ios/App/Settings/Components/DesignIdentityControls.swift:94: page-local visual literal outside the Design foundation
ios/App/Settings/Components/DesignIdentityControls.swift:99: page-local visual literal outside the Design foundation
ios/App/Settings/Components/DesignIdentityControls.swift:116: page-local visual literal outside the Design foundation
ios/App/Settings/Components/DesignIdentityControls.swift:118: page-local visual literal outside the Design foundation
ios/App/Settings/Components/DesignIdentityControls.swift:123: page-local visual literal outside the Design foundation
ios/App/Settings/Components/DesignIdentityControls.swift:147: page-local visual literal outside the Design foundation
ios/App/Settings/Components/DesignIdentityControls.swift:161: page-local visual literal outside the Design foundation
ios/App/Settings/Components/DesignIdentityControls.swift:182: page-local visual literal outside the Design foundation
ios/App/Settings/Components/DesignIdentityControls.swift:202: page-local visual literal outside the Design foundation
ios/App/Settings/Components/DesignIdentityControls.swift:209: page-local visual literal outside the Design foundation
ios/App/Settings/Components/DesignButtons.swift:81: page-local visual literal outside the Design foundation
ios/App/Settings/Components/DesignButtons.swift:217: raw visual control outside the Design primitive library
ios/App/Settings/Components/DesignButtons.swift:527: page-local visual literal outside the Design foundation
ios/App/Settings/Components/DesignButtons.swift:551: page-local visual literal outside the Design foundation
ios/App/Settings/Components/DesignButtons.swift:567: page-local visual literal outside the Design foundation
ios/App/Settings/Components/DesignButtons.swift:568: page-local visual literal outside the Design foundation
ios/App/Settings/Components/DesignButtons.swift:569: page-local visual literal outside the Design foundation
ios/App/Settings/Components/DesignButtons.swift:215: raw styled Button: raw styled Button outside the Design primitive library
ios/App/Settings/Components/DesignButtons.swift:272: raw styled Button: raw styled Button outside the Design primitive library
ios/App/Settings/Components/DesignButtons.swift:343: raw styled Button: raw styled Button outside the Design primitive library
ios/App/Settings/Components/DesignButtons.swift:463: raw styled Button: raw styled Button outside the Design primitive library
ios/App/Settings/Components/DesignRangeControls.swift:186: page-local visual constant outside the Design foundation
ios/App/Settings/Components/DesignRangeControls.swift:268: page-local visual literal outside the Design foundation
ios/App/Settings/Components/DesignRangeControls.swift:304: page-local visual literal outside the Design foundation
ios/App/Settings/Components/DesignRangeControls.swift:393: page-local visual literal outside the Design foundation
ios/App/Settings/Components/DesignRangeControls.swift:397: raw visual control outside the Design primitive library
ios/App/Settings/Components/DesignRangeControls.swift:400: page-local visual literal outside the Design foundation
ios/App/Settings/Components/DesignRangeControls.swift:447: page-local visual literal outside the Design foundation
ios/App/Settings/Components/DesignRangeControls.swift:457: page-local visual literal outside the Design foundation
ios/App/Settings/Components/DesignRangeControls.swift:509: raw visual control outside the Design primitive library
ios/App/Settings/Components/DesignSelectionControls.swift:116: page-local visual literal outside the Design foundation
ios/App/Settings/Components/DesignSelectionControls.swift:126: page-local visual literal outside the Design foundation
ios/App/Settings/Components/DesignSelectionControls.swift:127: page-local visual literal outside the Design foundation
ios/App/Settings/Components/DesignSelectionControls.swift:159: raw visual control outside the Design primitive library
ios/App/Settings/Components/DesignSelectionControls.swift:178: raw visual control outside the Design primitive library
ios/App/Settings/Components/DesignSelectionControls.swift:201: page-local visual literal outside the Design foundation
ios/App/Settings/Components/DesignSelectionControls.swift:303: page-local visual literal outside the Design foundation
ios/App/Settings/Components/DesignSelectionControls.swift:317: page-local visual literal outside the Design foundation
ios/App/Settings/Components/DesignSelectionControls.swift:334: page-local visual literal outside the Design foundation
ios/App/Settings/Components/DesignSelectionControls.swift:404: raw visual control outside the Design primitive library
ios/App/Settings/Components/DesignSelectionControls.swift:432: page-local visual literal outside the Design foundation
ios/App/Settings/Components/DesignSelectionControls.swift:450: page-local visual constant outside the Design foundation
ios/App/Settings/Components/DesignSelectionControls.swift:589: page-local visual literal outside the Design foundation
ios/App/Settings/Components/DesignSelectionControls.swift:664: page-local visual literal outside the Design foundation
ios/App/Settings/Components/DesignSelectionControls.swift:665: page-local visual literal outside the Design foundation
ios/App/Settings/Components/DesignSelectionControls.swift:691: page-local visual literal outside the Design foundation
ios/App/Settings/Components/DesignSelectionControls.swift:701: page-local visual literal outside the Design foundation
ios/App/Settings/Components/DesignSelectionControls.swift:721: page-local visual literal outside the Design foundation
ios/App/Settings/Components/DesignSelectionControls.swift:722: page-local visual literal outside the Design foundation
ios/App/Settings/Components/DesignSelectionControls.swift:864: page-local visual literal outside the Design foundation
ios/App/Settings/Components/DesignSelectionControls.swift:866: page-local visual literal outside the Design foundation
ios/App/Settings/Components/DesignSelectionControls.swift:867: page-local visual literal outside the Design foundation
ios/App/Settings/Components/DesignSelectionControls.swift:910: page-local visual literal outside the Design foundation
ios/App/Settings/Components/DesignSelectionControls.swift:925: page-local visual literal outside the Design foundation
ios/App/Settings/Components/DesignSelectionControls.swift:935: page-local visual literal outside the Design foundation
ios/App/Settings/Components/DesignSelectionControls.swift:1006: raw visual control outside the Design primitive library
ios/App/Settings/Components/DesignSelectionControls.swift:811: raw styled Button: raw styled Button outside the Design primitive library
ios/App/Settings/Components/DesignTextFields.swift:133: hardcoded font family; use the generated KMP typography role
ios/App/Settings/Components/DesignTextFields.swift:14: page-local visual constant outside the Design foundation
ios/App/Settings/Components/DesignTextFields.swift:15: page-local visual constant outside the Design foundation
ios/App/Settings/Components/DesignTextFields.swift:125: raw visual control outside the Design primitive library
ios/App/Settings/Components/DesignTextFields.swift:127: raw visual control outside the Design primitive library
ios/App/Settings/Components/DesignTextFields.swift:246: raw visual control outside the Design primitive library
ios/App/Settings/Components/DesignTextFields.swift:247: raw visual control outside the Design primitive library
ios/App/Settings/Components/DesignTextFields.swift:300: raw visual control outside the Design primitive library
ios/App/Settings/Components/DesignTextFields.swift:327: page-local visual constant outside the Design foundation
ios/App/Settings/Components/DesignTextFields.swift:389: raw visual control outside the Design primitive library
ios/App/Settings/Components/DesignTextFields.swift:464: page-local visual literal outside the Design foundation
ios/App/Settings/Components/DesignTextFields.swift:465: page-local visual literal outside the Design foundation
