$ bun test scripts/design/design-foundation-v2.test.ts && bun scripts/design/design-foundation-v2.ts check && bun scripts/design/web-foundation-check.ts && bun scripts/design/ios-design-boundary.ts
bun test v1.3.11 (af24e281)

scripts/design/design-foundation-v2.test.ts:
(pass) design foundation v2 contract > validates the committed JSON Schema and exact locked values [25.82ms]
(pass) design foundation v2 contract > proves schema-only additional-property and uniqueness constraints [10.27ms]
(pass) design foundation v2 contract > rejects a malformed or expanded avatar state contract [0.35ms]
(pass) design foundation v2 contract > generation is deterministic and all projections agree on version and hash [1.09ms]
(pass) design foundation v2 contract > rejects a manually edited generated projection [0.08ms]
(pass) design foundation v2 contract > keeps the manual Android v1 declarations byte-for-byte unchanged [0.33ms]

 6 pass
 0 fail
 17 expect() calls
Ran 6 tests across 1 file. [383.00ms]
Design foundation 2.0.0 is current (f7799ee0711e7d8e4bd944606ab9342607f326ff109a44d905d8a2a7b91c7dc6)
Web foundation assets, import graph, tokens, and production boundaries verified
Web foundation transitional allowlist (30 existing product paths):
- src/styles/components.css — legacy global shell and non-chat product styles
- src/components/account-wizard/account-wizard.css — account wizard composition
- src/components/chat/chat-messages.css — chat product surface
- src/components/calendar/calendar-canvas.css — calendar product surface
- src/components/calendar/calendar-shell.css — calendar product surface
- src/components/calendar/calendar-view.css — calendar product surface
- src/components/calendar/event-editor.css — calendar product surface
- src/components/calendar/event-preview.css — calendar product surface
- src/components/permission/permission-dialog.css — permission product surface
- src/components/sessions/drawer.css — history drawer product surface
- src/components/settings/apply-bar/apply-bar.css — settings product composition
- src/components/settings/panes/panes.css — settings product composition
- src/components/settings/settings-shell.css — settings product composition
- src/components/settings/sidebar/sidebar.css — settings product composition
- src/components/calendar/calendar-canvas-primitives.tsx — calendar native controls
- src/components/calendar/calendar-shell.tsx — calendar native controls
- src/components/calendar/calendar-view.tsx — calendar native controls
- src/components/calendar/day-view.tsx — calendar native controls
- src/components/calendar/delete-confirmation.tsx — calendar native controls
- src/components/calendar/event-editor.tsx — calendar native controls
- src/components/calendar/event-preview.tsx — calendar native controls
- src/components/calendar/mutation-scope-chooser.tsx — calendar native controls
- src/components/calendar/year-grid.tsx — calendar native controls
- src/components/dock/composer-task-strip.tsx — chat composer native controls
- src/components/dock/composer.tsx — chat composer native controls
- src/components/dock/interrupt-button.tsx — chat composer native controls
- src/components/dock/suggestion-chips.tsx — chat composer native controls
- src/components/dock/voice-capture-control.tsx — chat composer native controls
- src/components/restart-spinner.tsx — existing restart feedback
- src/components/voices/AddVoiceModal.tsx — existing file-picker input
iOS design boundary violations:
ios/App/Settings/Components/DesignIdentityControls.swift:85: page-local visual literal outside the Design foundation
ios/App/Settings/Components/DesignIdentityControls.swift:93: page-local visual literal outside the Design foundation
ios/App/Settings/Components/DesignIdentityControls.swift:94: page-local visual literal outside the Design foundation
ios/App/Settings/Components/DesignIdentityControls.swift:99: page-local visual literal outside the Design foundation
ios/App/Settings/Components/DesignIdentityControls.swift:116: page-local visual literal outside the Design foundation
ios/App/Settings/Components/DesignIdentityControls.swift:118: page-local visual literal outside the Design foundation
ios/App/Settings/Components/DesignIdentityControls.swift:123: page-local visual literal outside the Design foundation
ios/App/Settings/Components/DesignIdentityControls.swift:147: page-local visual literal outside the Design foundation
ios/App/Settings/Components/DesignIdentityControls.swift:161: page-local visual literal outside the Design foundation
ios/App/Settings/Components/DesignIdentityControls.swift:182: page-local visual literal outside the Design foundation
ios/App/Settings/Components/DesignIdentityControls.swift:202: page-local visual literal outside the Design foundation
ios/App/Settings/Components/DesignIdentityControls.swift:209: page-local visual literal outside the Design foundation
ios/App/Settings/Components/DesignButtons.swift:81: page-local visual literal outside the Design foundation
ios/App/Settings/Components/DesignButtons.swift:217: raw visual control outside the Design primitive library
ios/App/Settings/Components/DesignButtons.swift:527: page-local visual literal outside the Design foundation
ios/App/Settings/Components/DesignButtons.swift:551: page-local visual literal outside the Design foundation
ios/App/Settings/Components/DesignButtons.swift:567: page-local visual literal outside the Design foundation
ios/App/Settings/Components/DesignButtons.swift:568: page-local visual literal outside the Design foundation
ios/App/Settings/Components/DesignButtons.swift:569: page-local visual literal outside the Design foundation
ios/App/Settings/Components/DesignButtons.swift:215: raw styled Button: raw styled Button outside the Design primitive library
ios/App/Settings/Components/DesignButtons.swift:272: raw styled Button: raw styled Button outside the Design primitive library
ios/App/Settings/Components/DesignButtons.swift:343: raw styled Button: raw styled Button outside the Design primitive library
ios/App/Settings/Components/DesignButtons.swift:463: raw styled Button: raw styled Button outside the Design primitive library
ios/App/Settings/Components/DesignRangeControls.swift:186: page-local visual constant outside the Design foundation
ios/App/Settings/Components/DesignRangeControls.swift:268: page-local visual literal outside the Design foundation
ios/App/Settings/Components/DesignRangeControls.swift:304: page-local visual literal outside the Design foundation
ios/App/Settings/Components/DesignRangeControls.swift:393: page-local visual literal outside the Design foundation
ios/App/Settings/Components/DesignRangeControls.swift:397: raw visual control outside the Design primitive library
ios/App/Settings/Components/DesignRangeControls.swift:400: page-local visual literal outside the Design foundation
ios/App/Settings/Components/DesignRangeControls.swift:447: page-local visual literal outside the Design foundation
ios/App/Settings/Components/DesignRangeControls.swift:457: page-local visual literal outside the Design foundation
ios/App/Settings/Components/DesignRangeControls.swift:509: raw visual control outside the Design primitive library
ios/App/Settings/Components/DesignSelectionControls.swift:116: page-local visual literal outside the Design foundation
ios/App/Settings/Components/DesignSelectionControls.swift:126: page-local visual literal outside the Design foundation
ios/App/Settings/Components/DesignSelectionControls.swift:127: page-local visual literal outside the Design foundation
ios/App/Settings/Components/DesignSelectionControls.swift:159: raw visual control outside the Design primitive library
ios/App/Settings/Components/DesignSelectionControls.swift:178: raw visual control outside the Design primitive library
ios/App/Settings/Components/DesignSelectionControls.swift:201: page-local visual literal outside the Design foundation
ios/App/Settings/Components/DesignSelectionControls.swift:303: page-local visual literal outside the Design foundation
ios/App/Settings/Components/DesignSelectionControls.swift:317: page-local visual literal outside the Design foundation
ios/App/Settings/Components/DesignSelectionControls.swift:334: page-local visual literal outside the Design foundation
ios/App/Settings/Components/DesignSelectionControls.swift:404: raw visual control outside the Design primitive library
ios/App/Settings/Components/DesignSelectionControls.swift:432: page-local visual literal outside the Design foundation
ios/App/Settings/Components/DesignSelectionControls.swift:450: page-local visual constant outside the Design foundation
ios/App/Settings/Components/DesignSelectionControls.swift:589: page-local visual literal outside the Design foundation
ios/App/Settings/Components/DesignSelectionControls.swift:664: page-local visual literal outside the Design foundation
ios/App/Settings/Components/DesignSelectionControls.swift:665: page-local visual literal outside the Design foundation
ios/App/Settings/Components/DesignSelectionControls.swift:691: page-local visual literal outside the Design foundation
ios/App/Settings/Components/DesignSelectionControls.swift:701: page-local visual literal outside the Design foundation
ios/App/Settings/Components/DesignSelectionControls.swift:721: page-local visual literal outside the Design foundation
ios/App/Settings/Components/DesignSelectionControls.swift:722: page-local visual literal outside the Design foundation
ios/App/Settings/Components/DesignSelectionControls.swift:864: page-local visual literal outside the Design foundation
ios/App/Settings/Components/DesignSelectionControls.swift:866: page-local visual literal outside the Design foundation
ios/App/Settings/Components/DesignSelectionControls.swift:867: page-local visual literal outside the Design foundation
ios/App/Settings/Components/DesignSelectionControls.swift:910: page-local visual literal outside the Design foundation
ios/App/Settings/Components/DesignSelectionControls.swift:925: page-local visual literal outside the Design foundation
ios/App/Settings/Components/DesignSelectionControls.swift:935: page-local visual literal outside the Design foundation
ios/App/Settings/Components/DesignSelectionControls.swift:1006: raw visual control outside the Design primitive library
ios/App/Settings/Components/DesignSelectionControls.swift:811: raw styled Button: raw styled Button outside the Design primitive library
ios/App/Settings/Components/DesignTextFields.swift:133: hardcoded font family; use the generated KMP typography role
ios/App/Settings/Components/DesignTextFields.swift:14: page-local visual constant outside the Design foundation
ios/App/Settings/Components/DesignTextFields.swift:15: page-local visual constant outside the Design foundation
ios/App/Settings/Components/DesignTextFields.swift:125: raw visual control outside the Design primitive library
ios/App/Settings/Components/DesignTextFields.swift:127: raw visual control outside the Design primitive library
ios/App/Settings/Components/DesignTextFields.swift:246: raw visual control outside the Design primitive library
ios/App/Settings/Components/DesignTextFields.swift:247: raw visual control outside the Design primitive library
ios/App/Settings/Components/DesignTextFields.swift:300: raw visual control outside the Design primitive library
ios/App/Settings/Components/DesignTextFields.swift:327: page-local visual constant outside the Design foundation
ios/App/Settings/Components/DesignTextFields.swift:389: raw visual control outside the Design primitive library
ios/App/Settings/Components/DesignTextFields.swift:464: page-local visual literal outside the Design foundation
ios/App/Settings/Components/DesignTextFields.swift:465: page-local visual literal outside the Design foundation
error: script "design:foundation:check" exited with code 1
