
> test
> node --test *.test.mjs

✔ parses reviewed opaque background colors (0.836375ms)
✔ composites transparent PNG pixels on the selected background (7.028916ms)
✔ measures the union of visible pixels without transparent canvas padding (1.525541ms)
✔ reads PNG dimensions without a rendering dependency (3.371167ms)
✔ rejects outputs outside the disposable platform directory (1.9365ms)
✔ derives stable case and implementation output names (0.471584ms)
✔ rejects malformed invocation (0.569333ms)
✔ rejects diff outputs that could overwrite an input (0.102416ms)
✔ keeps pixel differences report-only without a reviewed gate (3.635542ms)
✔ fails only when the visible-pixel percentage exceeds a configured gate (1.326334ms)
ℹ tests 10
ℹ suites 0
ℹ pass 10
ℹ fail 0
ℹ cancelled 0
ℹ skipped 0
ℹ todo 0
ℹ duration_ms 63.82925
