Log summary: full command output was intentionally reduced after preserving the terminal result.

    Signing Identity:     "Sign to Run Locally"

    /usr/bin/codesign --force --sign - --timestamp\=none --generate-entitlement-der /Users/kevinye/Development/sentient/.worktree/wave3/ios-setting-row/build/visual-ios-derived/Build/Products/Debug-iphonesimulator/SentientApp.app/__preview.dylib
/Users/kevinye/Development/sentient/.worktree/wave3/ios-setting-row/build/visual-ios-derived/Build/Products/Debug-iphonesimulator/SentientApp.app/__preview.dylib: replacing existing signature

CodeSign /Users/kevinye/Development/sentient/.worktree/wave3/ios-setting-row/build/visual-ios-derived/Build/Products/Debug-iphonesimulator/SentientApp.app (in target 'SentientApp' from project 'SentientApp')
    cd /Users/kevinye/Development/sentient/.worktree/wave3/ios-setting-row/ios

    Signing Identity:     "Sign to Run Locally"

    /usr/bin/codesign --force --sign - --timestamp\=none --generate-entitlement-der /Users/kevinye/Development/sentient/.worktree/wave3/ios-setting-row/build/visual-ios-derived/Build/Products/Debug-iphonesimulator/SentientApp.app

Validate /Users/kevinye/Development/sentient/.worktree/wave3/ios-setting-row/build/visual-ios-derived/Build/Products/Debug-iphonesimulator/SentientApp.app (in target 'SentientApp' from project 'SentientApp')
    cd /Users/kevinye/Development/sentient/.worktree/wave3/ios-setting-row/ios
    builtin-validationUtility /Users/kevinye/Development/sentient/.worktree/wave3/ios-setting-row/build/visual-ios-derived/Build/Products/Debug-iphonesimulator/SentientApp.app -shallow-bundle -infoplist-subpath Info.plist

Test Suite 'Selected tests' started at 2026-08-29 15:13:42.792.
Test Suite 'SentientAppTests.xctest' started at 2026-08-29 15:13:42.792.
Test Suite 'VisualDiffCaptureTests' started at 2026-08-29 15:13:42.792.
Test Case '-[SentientAppTests.VisualDiffCaptureTests testCaptureRequestedReference]' started.
Test Case '-[SentientAppTests.VisualDiffCaptureTests testCaptureRequestedReference]' passed (0.130 seconds).
Test Suite 'VisualDiffCaptureTests' passed at 2026-08-29 15:13:42.923.
	 Executed 1 test, with 0 failures (0 unexpected) in 0.130 (0.131) seconds
Test Suite 'SentientAppTests.xctest' passed at 2026-08-29 15:13:42.923.
	 Executed 1 test, with 0 failures (0 unexpected) in 0.130 (0.131) seconds
Test Suite 'Selected tests' passed at 2026-08-29 15:13:42.923.
	 Executed 1 test, with 0 failures (0 unexpected) in 0.130 (0.131) seconds
IOSurfaceClientSetSurfaceNotify failed e00002c7
2026-08-29 15:13:43.220 xcodebuild[69456:246704106] [MT] IDETestOperationsObserverDebug: 4.186 elapsed -- Testing started completed.
2026-08-29 15:13:43.220 xcodebuild[69456:246704106] [MT] IDETestOperationsObserverDebug: 0.000 sec, +0.000 sec -- start
2026-08-29 15:13:43.220 xcodebuild[69456:246704106] [MT] IDETestOperationsObserverDebug: 4.186 sec, +4.186 sec -- end

Test session results, code coverage, and logs:
	/Users/kevinye/Development/sentient/.worktree/wave3/ios-setting-row/build/visual-ios-derived/Logs/Test/Test-SentientApp-2026.08.29_15-13-09--0700.xcresult

** TEST SUCCEEDED **

Testing started
{"platform":"ios","caseId":"setting-row--toggle--off","actualPath":"/Users/kevinye/Development/sentient/.worktree/wave3/ios-setting-row/build/visual-captures/ios/setting-row-wave3/baseline/source/setting-row--toggle--off.png"}
