Log summary: full command output was intentionally reduced after preserving the terminal result.
    Signing Identity:     "Sign to Run Locally"

    /usr/bin/codesign --force --sign - --timestamp\=none --generate-entitlement-der /Users/kevinye/Development/sentient/.worktree/wave3/ios-setting-row/build/visual-ios-derived/Build/Products/Debug-iphonesimulator/SentientApp.app/__preview.dylib
/Users/kevinye/Development/sentient/.worktree/wave3/ios-setting-row/build/visual-ios-derived/Build/Products/Debug-iphonesimulator/SentientApp.app/__preview.dylib: replacing existing signature

CodeSign /Users/kevinye/Development/sentient/.worktree/wave3/ios-setting-row/build/visual-ios-derived/Build/Products/Debug-iphonesimulator/SentientApp.app (in target 'SentientApp' from project 'SentientApp')
    cd /Users/kevinye/Development/sentient/.worktree/wave3/ios-setting-row/ios

    Signing Identity:     "Sign to Run Locally"

    /usr/bin/codesign --force --sign - --timestamp\=none --generate-entitlement-der /Users/kevinye/Development/sentient/.worktree/wave3/ios-setting-row/build/visual-ios-derived/Build/Products/Debug-iphonesimulator/SentientApp.app

Validate /Users/kevinye/Development/sentient/.worktree/wave3/ios-setting-row/build/visual-ios-derived/Build/Products/Debug-iphonesimulator/SentientApp.app (in target 'SentientApp' from project 'SentientApp')
    cd /Users/kevinye/Development/sentient/.worktree/wave3/ios-setting-row/ios
    builtin-validationUtility /Users/kevinye/Development/sentient/.worktree/wave3/ios-setting-row/build/visual-ios-derived/Build/Products/Debug-iphonesimulator/SentientApp.app -shallow-bundle -infoplist-subpath Info.plist

Test Suite 'Selected tests' started at 2026-08-29 15:19:59.746.
Test Suite 'SentientAppTests.xctest' started at 2026-08-29 15:19:59.747.
Test Suite 'VisualDiffCaptureTests' started at 2026-08-29 15:19:59.747.
Test Case '-[SentientAppTests.VisualDiffCaptureTests testCaptureRequestedReference]' started.
Test Case '-[SentientAppTests.VisualDiffCaptureTests testCaptureRequestedReference]' passed (0.130 seconds).
Test Suite 'VisualDiffCaptureTests' passed at 2026-08-29 15:19:59.877.
	 Executed 1 test, with 0 failures (0 unexpected) in 0.130 (0.131) seconds
Test Suite 'SentientAppTests.xctest' passed at 2026-08-29 15:19:59.878.
	 Executed 1 test, with 0 failures (0 unexpected) in 0.130 (0.131) seconds
Test Suite 'Selected tests' passed at 2026-08-29 15:19:59.878.
	 Executed 1 test, with 0 failures (0 unexpected) in 0.130 (0.132) seconds
IOSurfaceClientSetSurfaceNotify failed e00002c7
2026-08-29 15:19:59.885472-0700 SentientApp[87036:246790777] Unbalanced calls to begin/end appearance transitions for <UIViewController: 0x1032d8800>.
2026-08-29 15:20:00.186 xcodebuild[85612:246786206] [MT] IDETestOperationsObserverDebug: 3.117 elapsed -- Testing started completed.
2026-08-29 15:20:00.186 xcodebuild[85612:246786206] [MT] IDETestOperationsObserverDebug: 0.000 sec, +0.000 sec -- start
2026-08-29 15:20:00.186 xcodebuild[85612:246786206] [MT] IDETestOperationsObserverDebug: 3.117 sec, +3.117 sec -- end

Test session results, code coverage, and logs:
	/Users/kevinye/Development/sentient/.worktree/wave3/ios-setting-row/build/visual-ios-derived/Logs/Test/Test-SentientApp-2026.08.29_15-19-33--0700.xcresult

** TEST SUCCEEDED **

Testing started
{"platform":"ios","caseId":"setting-row--toggle--off","actualPath":"/Users/kevinye/Development/sentient/.worktree/wave3/ios-setting-row/build/visual-captures/ios/setting-row-wave3/final/static/setting-row--toggle--off.png"}
