Log summary: full command output was intentionally reduced after preserving the terminal result.
    Signing Identity:     "Sign to Run Locally"

    /usr/bin/codesign --force --sign - --timestamp\=none --generate-entitlement-der /Users/kevinye/Development/sentient/.worktree/wave3/ios-setting-row/build/visual-ios-derived/Build/Products/Debug-iphonesimulator/SentientApp.app/__preview.dylib
/Users/kevinye/Development/sentient/.worktree/wave3/ios-setting-row/build/visual-ios-derived/Build/Products/Debug-iphonesimulator/SentientApp.app/__preview.dylib: replacing existing signature

CodeSign /Users/kevinye/Development/sentient/.worktree/wave3/ios-setting-row/build/visual-ios-derived/Build/Products/Debug-iphonesimulator/SentientApp.app (in target 'SentientApp' from project 'SentientApp')
    cd /Users/kevinye/Development/sentient/.worktree/wave3/ios-setting-row/ios

    Signing Identity:     "Sign to Run Locally"

    /usr/bin/codesign --force --sign - --timestamp\=none --generate-entitlement-der /Users/kevinye/Development/sentient/.worktree/wave3/ios-setting-row/build/visual-ios-derived/Build/Products/Debug-iphonesimulator/SentientApp.app

Validate /Users/kevinye/Development/sentient/.worktree/wave3/ios-setting-row/build/visual-ios-derived/Build/Products/Debug-iphonesimulator/SentientApp.app (in target 'SentientApp' from project 'SentientApp')
    cd /Users/kevinye/Development/sentient/.worktree/wave3/ios-setting-row/ios
    builtin-validationUtility /Users/kevinye/Development/sentient/.worktree/wave3/ios-setting-row/build/visual-ios-derived/Build/Products/Debug-iphonesimulator/SentientApp.app -shallow-bundle -infoplist-subpath Info.plist

Test Suite 'Selected tests' started at 2026-08-29 15:33:30.148.
Test Suite 'SentientAppTests.xctest' started at 2026-08-29 15:33:30.148.
Test Suite 'VisualDiffCaptureTests' started at 2026-08-29 15:33:30.148.
Test Case '-[SentientAppTests.VisualDiffCaptureTests testCaptureRequestedReference]' started.
Test Case '-[SentientAppTests.VisualDiffCaptureTests testCaptureRequestedReference]' passed (0.164 seconds).
Test Suite 'VisualDiffCaptureTests' passed at 2026-08-29 15:33:30.313.
	 Executed 1 test, with 0 failures (0 unexpected) in 0.164 (0.165) seconds
Test Suite 'SentientAppTests.xctest' passed at 2026-08-29 15:33:30.314.
	 Executed 1 test, with 0 failures (0 unexpected) in 0.164 (0.165) seconds
Test Suite 'Selected tests' passed at 2026-08-29 15:33:30.314.
	 Executed 1 test, with 0 failures (0 unexpected) in 0.164 (0.166) seconds
IOSurfaceClientSetSurfaceNotify failed e00002c7
2026-08-29 15:33:30.316803-0700 SentientApp[21228:246923660] Unbalanced calls to begin/end appearance transitions for <UIViewController: 0x107ad4c00>.
2026-08-29 15:33:30.587 xcodebuild[20908:246922352] [MT] IDETestOperationsObserverDebug: 2.338 elapsed -- Testing started completed.
2026-08-29 15:33:30.587 xcodebuild[20908:246922352] [MT] IDETestOperationsObserverDebug: 0.000 sec, +0.000 sec -- start
2026-08-29 15:33:30.587 xcodebuild[20908:246922352] [MT] IDETestOperationsObserverDebug: 2.338 sec, +2.338 sec -- end

Test session results, code coverage, and logs:
	/Users/kevinye/Development/sentient/.worktree/wave3/ios-setting-row/build/visual-ios-derived/Logs/Test/Test-SentientApp-2026.08.29_15-33-21--0700.xcresult

** TEST SUCCEEDED **

Testing started
{"platform":"ios","caseId":"setting-row--select--english-closed","actualPath":"/Users/kevinye/Development/sentient/.worktree/wave3/ios-setting-row/build/visual-captures/ios/setting-row-wave3/final/static/setting-row--select--english-closed.png"}
