
> test
> node --test *.test.mjs

✔ parses reviewed opaque background colors (0.992458ms)
✔ composites transparent PNG pixels on the selected background (9.271875ms)
✔ measures the union of visible pixels without transparent canvas padding (2.977834ms)
✔ reads PNG dimensions without a rendering dependency (5.583042ms)
✔ rejects outputs outside the disposable platform directory (2.9725ms)
✔ derives stable case and implementation output names (0.527375ms)
✔ rejects malformed invocation (0.91875ms)
✔ rejects diff outputs that could overwrite an input (0.130166ms)
✔ keeps pixel differences report-only without a reviewed gate (4.814958ms)
✔ fails only when the visible-pixel percentage exceeds a configured gate (2.219375ms)
ℹ tests 10
ℹ suites 0
ℹ pass 10
ℹ fail 0
ℹ cancelled 0
ℹ skipped 0
ℹ todo 0
ℹ duration_ms 92.82325
