$ bun qa/design-refresh/check.ts
design refresh inventory and review contracts are valid
bun test v1.3.11 (af24e281)

scripts/design/design-foundation-v2.test.ts:
(pass) design foundation v2 contract > validates the committed JSON Schema and exact locked values [249.61ms]
(pass) design foundation v2 contract > proves schema-only additional-property and uniqueness constraints [64.10ms]
(pass) design foundation v2 contract > rejects a malformed or expanded avatar state contract [0.77ms]
(pass) design foundation v2 contract > generation is deterministic and all projections agree on version and hash [2.84ms]
(pass) design foundation v2 contract > rejects a manually edited generated projection [0.27ms]
(pass) design foundation v2 contract > keeps the manual Android v1 declarations byte-for-byte unchanged [0.33ms]

 6 pass
 0 fail
 17 expect() calls
Ran 6 tests across 1 file. [1119.00ms]
Design foundation 2.0.0 is current (f7799ee0711e7d8e4bd944606ab9342607f326ff109a44d905d8a2a7b91c7dc6)
Web foundation assets, import graph, tokens, and production boundaries verified
Web foundation transitional allowlist (30 existing product paths):
- src/styles/components.css — legacy global shell and non-chat product styles
- src/components/account-wizard/account-wizard.css — account wizard composition
- src/components/chat/chat-messages.css — chat product surface
- src/components/calendar/calendar-canvas.css — calendar product surface
- src/components/calendar/calendar-shell.css — calendar product surface
- src/components/calendar/calendar-view.css — calendar product surface
- src/components/calendar/event-editor.css — calendar product surface
- src/components/calendar/event-preview.css — calendar product surface
- src/components/permission/permission-dialog.css — permission product surface
- src/components/sessions/drawer.css — history drawer product surface
- src/components/settings/apply-bar/apply-bar.css — settings product composition
- src/components/settings/panes/panes.css — settings product composition
- src/components/settings/settings-shell.css — settings product composition
- src/components/settings/sidebar/sidebar.css — settings product composition
- src/components/calendar/calendar-canvas-primitives.tsx — calendar native controls
- src/components/calendar/calendar-shell.tsx — calendar native controls
- src/components/calendar/calendar-view.tsx — calendar native controls
- src/components/calendar/day-view.tsx — calendar native controls
- src/components/calendar/delete-confirmation.tsx — calendar native controls
- src/components/calendar/event-editor.tsx — calendar native controls
- src/components/calendar/event-preview.tsx — calendar native controls
- src/components/calendar/mutation-scope-chooser.tsx — calendar native controls
- src/components/calendar/year-grid.tsx — calendar native controls
- src/components/dock/composer-task-strip.tsx — chat composer native controls
- src/components/dock/composer.tsx — chat composer native controls
- src/components/dock/interrupt-button.tsx — chat composer native controls
- src/components/dock/suggestion-chips.tsx — chat composer native controls
- src/components/dock/voice-capture-control.tsx — chat composer native controls
- src/components/restart-spinner.tsx — existing restart feedback
- src/components/voices/AddVoiceModal.tsx — existing file-picker input
