
> test
> node --test *.test.mjs

✔ parses reviewed opaque background colors (1.79075ms)
✔ composites transparent PNG pixels on the selected background (14.174875ms)
✔ measures the union of visible pixels without transparent canvas padding (2.728958ms)
✔ reads PNG dimensions without a rendering dependency (15.946625ms)
✔ rejects outputs outside the disposable platform directory (2.465666ms)
✔ derives stable case and implementation output names (0.594667ms)
✔ rejects malformed invocation (0.694125ms)
✔ rejects diff outputs that could overwrite an input (0.120042ms)
✔ keeps pixel differences report-only without a reviewed gate (6.575958ms)
✔ fails only when the visible-pixel percentage exceeds a configured gate (2.391417ms)
ℹ tests 10
ℹ suites 0
ℹ pass 10
ℹ fail 0
ℹ cancelled 0
ℹ skipped 0
ℹ todo 0
ℹ duration_ms 122.762042
