Executable=/Users/kevinye/Development/sentient/.worktree/wave4/ios-settings-group/build/settings-group-signed-derived/Build/Products/Debug-iphonesimulator/SentientApp.app/SentientApp
Identifier=io.dev32.sentient.debug
Format=app bundle with Mach-O thin (arm64)
CodeDirectory v=20400 size=304 flags=0x2(adhoc) hashes=3+3 location=embedded
VersionPlatform=7
VersionMin=1179648
VersionSDK=1705216
Hash type=sha256 size=32
CandidateCDHash sha256=64b0b8bf36f516f6a7b3dbc14a19118676295d34
CandidateCDHashFull sha256=64b0b8bf36f516f6a7b3dbc14a19118676295d34f99693dc242487089171b6a7
Hash choices=sha256
CMSDigest=64b0b8bf36f516f6a7b3dbc14a19118676295d34f99693dc242487089171b6a7
CMSDigestType=2
Executable Segment base=0
Executable Segment limit=16384
Executable Segment flags=0x1
Page size=16384
CDHash=64b0b8bf36f516f6a7b3dbc14a19118676295d34
Signature=adhoc
Info.plist entries=29
TeamIdentifier=not set
Sealed Resources version=2 rules=10 files=25
Internal requirements count=0 size=12
